22:14:30 **** Incremental Build of configuration Debug for project 11_timers ****
make -j12 all 
arm-none-eabi-gcc "../Src/main.c" -mcpu=cortex-m4 -std=gnu11 -g3 -DDEBUG -DSTM32 -DSTM32F4 -DSTM32F407VGTx -DSTM32F407xx -c -I../Inc -I"C:/Users/azizb/Desktop/stm32 formation/CMSIS/Device/ST/STM32F4xx/Include" -I"C:/Users/azizb/Desktop/stm32 formation/CMSIS/Include" -O0 -ffunction-sections -fdata-sections -Wall -fstack-usage -fcyclomatic-complexity -MMD -MP -MF"Src/main.d" -MT"Src/main.o" --specs=nano.specs -mfpu=fpv4-sp-d16 -mfloat-abi=hard -mthumb -o "Src/main.o"
arm-none-eabi-gcc -o "11_timers.elf" @"objects.list"   -mcpu=cortex-m4 -T"C:\Users\azizb\Desktop\stm32 formation\11_timers\STM32F407VGTX_FLASH.ld" --specs=nosys.specs -Wl,-Map="11_timers.map" -Wl,--gc-sections -static --specs=nano.specs -mfpu=fpv4-sp-d16 -mfloat-abi=hard -mthumb -Wl,--start-group -lc -lm -Wl,--end-group
Finished building target: 11_timers.elf
 
arm-none-eabi-size   11_timers.elf 
arm-none-eabi-objdump -h -S  11_timers.elf  > "11_timers.list"
   text	   data	    bss	    dec	    hex	filename
   5404	    108	   1588	   7100	   1bbc	11_timers.elf
Finished building: default.size.stdout
 
Finished building: 11_timers.list
 

22:14:30 Build Finished. 0 errors, 0 warnings. (took 784ms)

