20:46:46 **** Build of configuration Debug for project 9_adc_continious_conversion2 ****
make -j12 all 
arm-none-eabi-gcc -mcpu=cortex-m4 -g3 -DDEBUG -c -x assembler-with-cpp -MMD -MP -MF"Startup/startup_stm32f407vgtx.d" -MT"Startup/startup_stm32f407vgtx.o" --specs=nano.specs -mfpu=fpv4-sp-d16 -mfloat-abi=hard -mthumb -o "Startup/startup_stm32f407vgtx.o" "../Startup/startup_stm32f407vgtx.s"
arm-none-eabi-gcc "../Src/adc.c" -mcpu=cortex-m4 -std=gnu11 -g3 -DDEBUG -DSTM32 -DSTM32F4 -DSTM32F407VGTx -DSTM32F407xx -c -I../Inc -I"C:/Users/azizb/Desktop/stm32 formation/CMSIS/Device/ST/STM32F4xx/Include" -I"C:/Users/azizb/Desktop/stm32 formation/CMSIS/Include" -O0 -ffunction-sections -fdata-sections -Wall -fstack-usage -fcyclomatic-complexity -MMD -MP -MF"Src/adc.d" -MT"Src/adc.o" --specs=nano.specs -mfpu=fpv4-sp-d16 -mfloat-abi=hard -mthumb -o "Src/adc.o"
arm-none-eabi-gcc "../Src/main.c" -mcpu=cortex-m4 -std=gnu11 -g3 -DDEBUG -DSTM32 -DSTM32F4 -DSTM32F407VGTx -DSTM32F407xx -c -I../Inc -I"C:/Users/azizb/Desktop/stm32 formation/CMSIS/Device/ST/STM32F4xx/Include" -I"C:/Users/azizb/Desktop/stm32 formation/CMSIS/Include" -O0 -ffunction-sections -fdata-sections -Wall -fstack-usage -fcyclomatic-complexity -MMD -MP -MF"Src/main.d" -MT"Src/main.o" --specs=nano.specs -mfpu=fpv4-sp-d16 -mfloat-abi=hard -mthumb -o "Src/main.o"
arm-none-eabi-gcc "../Src/syscalls.c" -mcpu=cortex-m4 -std=gnu11 -g3 -DDEBUG -DSTM32 -DSTM32F4 -DSTM32F407VGTx -DSTM32F407xx -c -I../Inc -I"C:/Users/azizb/Desktop/stm32 formation/CMSIS/Device/ST/STM32F4xx/Include" -I"C:/Users/azizb/Desktop/stm32 formation/CMSIS/Include" -O0 -ffunction-sections -fdata-sections -Wall -fstack-usage -fcyclomatic-complexity -MMD -MP -MF"Src/syscalls.d" -MT"Src/syscalls.o" --specs=nano.specs -mfpu=fpv4-sp-d16 -mfloat-abi=hard -mthumb -o "Src/syscalls.o"
arm-none-eabi-gcc "../Src/sysmem.c" -mcpu=cortex-m4 -std=gnu11 -g3 -DDEBUG -DSTM32 -DSTM32F4 -DSTM32F407VGTx -DSTM32F407xx -c -I../Inc -I"C:/Users/azizb/Desktop/stm32 formation/CMSIS/Device/ST/STM32F4xx/Include" -I"C:/Users/azizb/Desktop/stm32 formation/CMSIS/Include" -O0 -ffunction-sections -fdata-sections -Wall -fstack-usage -fcyclomatic-complexity -MMD -MP -MF"Src/sysmem.d" -MT"Src/sysmem.o" --specs=nano.specs -mfpu=fpv4-sp-d16 -mfloat-abi=hard -mthumb -o "Src/sysmem.o"
arm-none-eabi-gcc -o "9_adc_continious_conversion2.elf" @"objects.list"   -mcpu=cortex-m4 -T"C:\Users\azizb\Desktop\stm32 formation\9_adc_continious_conversion2\STM32F407VGTX_FLASH.ld" --specs=nosys.specs -Wl,-Map="9_adc_continious_conversion2.map" -Wl,--gc-sections -static --specs=nano.specs -mfpu=fpv4-sp-d16 -mfloat-abi=hard -mthumb -Wl,--start-group -lc -lm -Wl,--end-group
Finished building target: 9_adc_continious_conversion2.elf
 
arm-none-eabi-size   9_adc_continious_conversion2.elf 
arm-none-eabi-objdump -h -S  9_adc_continious_conversion2.elf  > "9_adc_continious_conversion2.list"
   text	   data	    bss	    dec	    hex	filename
   5452	    108	   1588	   7148	   1bec	9_adc_continious_conversion2.elf
Finished building: default.size.stdout
 
Finished building: 9_adc_continious_conversion2.list
 

20:46:47 Build Finished. 0 errors, 0 warnings. (took 479ms)

